// Jest Snapshot v1, https://goo.gl/fbAQLP

exports[`should render the header component correctly 1`] = `
<div>
  <h1>
    Expensify
  </h1>
  <br />
  <NavLink
    activeClassName="is-active"
    ariaCurrent="true"
    exact={true}
    to="/"
  >
    Home
  </NavLink>
  <NavLink
    activeClassName="is-active"
    ariaCurrent="true"
    to="/create"
  >
    Add Expense
  </NavLink>
  <NavLink
    activeClassName="is-active"
    ariaCurrent="true"
    to="/edit"
  >
    Edit Expense
  </NavLink>
</div>
`;
